This file contains any messages produced by compilers while
running configure, to aid debugging if configure makes a mistake.

It was created by Cratered Terrain Evolution Model configure 1.1, which was
generated by GNU Autoconf 2.69.  Invocation command line was

  $ ../configure 

## --------- ##
## Platform. ##
## --------- ##

hostname = ixuj.eaps.purdue.edu
uname -m = x86_64
uname -r = 14.5.0
uname -s = Darwin
uname -v = Darwin Kernel Version 14.5.0: Tue Sep  1 21:23:09 PDT 2015; root:xnu-2782.50.1~1/RELEASE_X86_64

/usr/bin/uname -p = i386
/bin/uname -X     = unknown

/bin/arch              = unknown
/usr/bin/arch -k       = unknown
/usr/convex/getsysinfo = unknown
/usr/bin/hostinfo      = Mach kernel version:
	 Darwin Kernel Version 14.5.0: Tue Sep  1 21:23:09 PDT 2015; root:xnu-2782.50.1~1/RELEASE_X86_64
Kernel configured for up to 16 processors.
8 processors are physically available.
16 processors are logically available.
Processor type: i486 (Intel 80486)
Processors active: 0 1 2 3 4 5 6 7 8 9 10 11 12 13 14 15
Primary memory available: 32.00 gigabytes
Default processor set: 284 tasks, 1167 threads, 16 processors
Load average: 1.30, Mach factor: 14.69
/bin/machine           = unknown
/usr/bin/oslevel       = unknown
/bin/universe          = unknown

PATH: /opt/local/bin
PATH: /opt/local/sbin
PATH: /usr/local/bin
PATH: /usr/bin
PATH: /bin
PATH: /usr/sbin
PATH: /sbin
PATH: /opt/X11/bin
PATH: /usr/texbin


## ----------- ##
## Core tests. ##
## ----------- ##

configure:1816: checking for a BSD-compatible install
configure:1884: result: /usr/bin/install -c
configure:1895: checking whether build environment is sane
configure:1950: result: yes
configure:2101: checking for a thread-safe mkdir -p
configure:2140: result: ../config/install-sh -c -d
configure:2147: checking for gawk
configure:2177: result: no
configure:2147: checking for mawk
configure:2177: result: no
configure:2147: checking for nawk
configure:2177: result: no
configure:2147: checking for awk
configure:2163: found /usr/bin/awk
configure:2174: result: awk
configure:2185: checking whether make sets $(MAKE)
configure:2207: result: yes
configure:2236: checking whether make supports nested variables
configure:2253: result: yes
configure:2437: checking for ifort
configure:2467: result: no
configure:2437: checking for gfortran
configure:2453: found /opt/local/bin/gfortran
configure:2464: result: gfortran
configure:2490: checking for Fortran compiler version
configure:2499: gfortran --version >&5
GNU Fortran (MacPorts gcc49 4.9.3_0) 4.9.3
Copyright (C) 2015 Free Software Foundation, Inc.

GNU Fortran comes with NO WARRANTY, to the extent permitted by law.
You may redistribute copies of GNU Fortran
under the terms of the GNU General Public License.
For more information about these matters, see the file named COPYING

configure:2510: $? = 0
configure:2499: gfortran -v >&5
Using built-in specs.
COLLECT_GCC=gfortran
COLLECT_LTO_WRAPPER=/opt/local/libexec/gcc/x86_64-apple-darwin14/4.9.3/lto-wrapper
Target: x86_64-apple-darwin14
Configured with: /opt/local/var/macports/build/_opt_mports_dports_lang_gcc49/gcc49/work/gcc-4.9.3/configure --prefix=/opt/local --build=x86_64-apple-darwin14 --enable-languages=c,c++,objc,obj-c++,lto,fortran,java --libdir=/opt/local/lib/gcc49 --includedir=/opt/local/include/gcc49 --infodir=/opt/local/share/info --mandir=/opt/local/share/man --datarootdir=/opt/local/share/gcc-4.9 --with-local-prefix=/opt/local --with-system-zlib --disable-nls --program-suffix=-mp-4.9 --with-gxx-include-dir=/opt/local/include/gcc49/c++/ --with-gmp=/opt/local --with-mpfr=/opt/local --with-mpc=/opt/local --with-isl=/opt/local --disable-isl-version-check --with-cloog=/opt/local --disable-cloog-version-check --enable-stage1-checking --disable-multilib --enable-lto --enable-libstdcxx-time --with-as=/opt/local/bin/as --with-ld=/opt/local/bin/ld --with-ar=/opt/local/bin/ar --with-bugurl=https://trac.macports.org/newticket --with-pkgversion='MacPorts gcc49 4.9.3_0'
Thread model: posix
gcc version 4.9.3 (MacPorts gcc49 4.9.3_0) 
configure:2510: $? = 0
configure:2499: gfortran -V >&5
gfortran: error: unrecognized command line option '-V'
gfortran: fatal error: no input files
compilation terminated.
configure:2510: $? = 1
configure:2499: gfortran -qversion >&5
gfortran: error: unrecognized command line option '-qversion'
gfortran: fatal error: no input files
compilation terminated.
configure:2510: $? = 1
configure:2525: checking whether the Fortran compiler works
configure:2547: gfortran    conftest.f  >&5
configure:2551: $? = 0
configure:2599: result: yes
configure:2602: checking for Fortran compiler default output file name
configure:2604: result: a.out
configure:2610: checking for suffix of executables
configure:2617: gfortran -o conftest    conftest.f  >&5
configure:2621: $? = 0
configure:2643: result: 
configure:2659: checking whether we are cross compiling
configure:2667: gfortran -o conftest    conftest.f  >&5
configure:2671: $? = 0
configure:2678: ./conftest
configure:2682: $? = 0
configure:2697: result: no
configure:2702: checking for suffix of object files
configure:2718: gfortran -c   conftest.f >&5
configure:2722: $? = 0
configure:2743: result: o
configure:2751: checking whether we are using the GNU Fortran compiler
configure:2764: gfortran -c   conftest.F >&5
configure:2764: $? = 0
configure:2773: result: yes
configure:2779: checking whether gfortran accepts -g
configure:2790: gfortran -c -g  conftest.f >&5
configure:2790: $? = 0
configure:2798: result: yes
configure:2831: checking for Fortran flag needed to accept free-form source
configure:2850: gfortran -c   conftest.f >&5
conftest.f:2.3:

  program freeform                                                      
   1
Error: Non-numeric character in statement label at (1)
conftest.f:2.3:

  program freeform                                                      
   1
Error: Unclassifiable statement at (1)
conftest.f:4.26:

       print *, 'Hello ', &                                             
                          1
Error: Expected expression in PRINT statement at (1)
conftest.f:5.11:

          'world.'                                                      
           1
Error: Invalid character in name at (1)
configure:2850: $? = 1
configure: failed program was:
| 
|   program freeform
|        ! FIXME: how to best confuse non-freeform compilers?
|        print *, 'Hello ', &
|           'world.'
|        end
configure:2850: gfortran -c  -ffree-form  conftest.f >&5
configure:2850: $? = 0
configure:2859: result: -ffree-form
configure:3022: checking that generated files are newer than configure
configure:3028: result: done
configure:3043: creating ./config.status

## ---------------------- ##
## Running config.status. ##
## ---------------------- ##

This file was extended by Cratered Terrain Evolution Model config.status 1.1, which was
generated by GNU Autoconf 2.69.  Invocation command line was

  CONFIG_FILES    = 
  CONFIG_HEADERS  = 
  CONFIG_LINKS    = 
  CONFIG_COMMANDS = 
  $ ./config.status 

on ixuj.eaps.purdue.edu

config.status:752: creating Makefile
config.status:752: creating src/Makefile

## ---------------- ##
## Cache variables. ##
## ---------------- ##

ac_cv_env_FCFLAGS_set=
ac_cv_env_FCFLAGS_value=
ac_cv_env_FC_set=
ac_cv_env_FC_value=
ac_cv_env_LDFLAGS_set=
ac_cv_env_LDFLAGS_value=
ac_cv_env_LIBS_set=
ac_cv_env_LIBS_value=
ac_cv_env_build_alias_set=
ac_cv_env_build_alias_value=
ac_cv_env_host_alias_set=
ac_cv_env_host_alias_value=
ac_cv_env_target_alias_set=
ac_cv_env_target_alias_value=
ac_cv_fc_compiler_gnu=yes
ac_cv_fc_freeform=-ffree-form
ac_cv_objext=o
ac_cv_path_install='/usr/bin/install -c'
ac_cv_prog_AWK=awk
ac_cv_prog_ac_ct_FC=gfortran
ac_cv_prog_fc_g=yes
ac_cv_prog_make_make_set=yes
am_cv_make_support_nested_variables=yes

## ----------------- ##
## Output variables. ##
## ----------------- ##

ACLOCAL='${SHELL} /Users/mhirabay/Documents/CTEMenv/development/trunk_011616/config/missing aclocal-1.15'
AMTAR='$${TAR-tar}'
AM_BACKSLASH='\'
AM_DEFAULT_V='$(AM_DEFAULT_VERBOSITY)'
AM_DEFAULT_VERBOSITY='1'
AM_V='$(V)'
AUTOCONF='${SHELL} /Users/mhirabay/Documents/CTEMenv/development/trunk_011616/config/missing autoconf'
AUTOHEADER='${SHELL} /Users/mhirabay/Documents/CTEMenv/development/trunk_011616/config/missing autoheader'
AUTOMAKE='${SHELL} /Users/mhirabay/Documents/CTEMenv/development/trunk_011616/config/missing automake-1.15'
AWK='awk'
CYGPATH_W='echo'
DEFS='-DPACKAGE_NAME=\"Cratered\ Terrain\ Evolution\ Model\" -DPACKAGE_TARNAME=\"CTEM\" -DPACKAGE_VERSION=\"1.1\" -DPACKAGE_STRING=\"Cratered\ Terrain\ Evolution\ Model\ 1.1\" -DPACKAGE_BUGREPORT=\"David\ Minton\ \<daminton@purdue.edu\>\ ,\ James\ Richardson\ \<jerichardsonjr@me.com\>\" -DPACKAGE_URL=\"\" -DPACKAGE=\"CTEM\" -DVERSION=\"1.1\"'
ECHO_C='\c'
ECHO_N=''
ECHO_T=''
EXEEXT=''
FC='gfortran'
FCFLAGS=' -ffree-form'
INSTALL_DATA='${INSTALL} -m 644'
INSTALL_PROGRAM='${INSTALL}'
INSTALL_SCRIPT='${INSTALL}'
INSTALL_STRIP_PROGRAM='$(install_sh) -c -s'
LDFLAGS=''
LIBOBJS=''
LIBS=''
LTLIBOBJS=''
MAKEINFO='${SHELL} /Users/mhirabay/Documents/CTEMenv/development/trunk_011616/config/missing makeinfo'
MKDIR_P='../config/install-sh -c -d'
OBJEXT='o'
PACKAGE='CTEM'
PACKAGE_BUGREPORT='David Minton <daminton@purdue.edu> , James Richardson <jerichardsonjr@me.com>'
PACKAGE_NAME='Cratered Terrain Evolution Model'
PACKAGE_STRING='Cratered Terrain Evolution Model 1.1'
PACKAGE_TARNAME='CTEM'
PACKAGE_URL=''
PACKAGE_VERSION='1.1'
PATH_SEPARATOR=':'
SET_MAKE=''
SHELL='/bin/sh'
STRIP=''
VERSION='1.1'
ac_ct_FC='gfortran'
am__EXEEXT_FALSE=''
am__EXEEXT_TRUE='#'
am__isrc=' -I$(srcdir)'
am__leading_dot='.'
am__tar='$${TAR-tar} chof - "$$tardir"'
am__untar='$${TAR-tar} xf -'
bindir='${exec_prefix}/bin'
build_alias=''
datadir='${datarootdir}'
datarootdir='${prefix}/share'
docdir='${datarootdir}/doc/${PACKAGE_TARNAME}'
dvidir='${docdir}'
exec_prefix='${prefix}'
host_alias=''
htmldir='${docdir}'
includedir='${prefix}/include'
infodir='${datarootdir}/info'
install_sh='${SHELL} /Users/mhirabay/Documents/CTEMenv/development/trunk_011616/config/install-sh'
libdir='${exec_prefix}/lib'
libexecdir='${exec_prefix}/libexec'
localedir='${datarootdir}/locale'
localstatedir='${prefix}/var'
mandir='${datarootdir}/man'
mkdir_p='$(MKDIR_P)'
oldincludedir='/usr/include'
pdfdir='${docdir}'
prefix='/usr/local'
program_transform_name='s,x,x,'
psdir='${docdir}'
sbindir='${exec_prefix}/sbin'
sharedstatedir='${prefix}/com'
sysconfdir='${prefix}/etc'
target_alias=''

## ----------- ##
## confdefs.h. ##
## ----------- ##

/* confdefs.h */
#define PACKAGE_NAME "Cratered Terrain Evolution Model"
#define PACKAGE_TARNAME "CTEM"
#define PACKAGE_VERSION "1.1"
#define PACKAGE_STRING "Cratered Terrain Evolution Model 1.1"
#define PACKAGE_BUGREPORT "David Minton <daminton@purdue.edu> , James Richardson <jerichardsonjr@me.com>"
#define PACKAGE_URL ""
#define PACKAGE "CTEM"
#define VERSION "1.1"

configure: exit 0

## ---------------------- ##
## Running config.status. ##
## ---------------------- ##

This file was extended by Cratered Terrain Evolution Model config.status 1.1, which was
generated by GNU Autoconf 2.69.  Invocation command line was

  CONFIG_FILES    = 
  CONFIG_HEADERS  = 
  CONFIG_LINKS    = 
  CONFIG_COMMANDS = 
  $ ./config.status src/Makefile

on ixuj.eaps.purdue.edu

config.status:752: creating src/Makefile

## ---------------------- ##
## Running config.status. ##
## ---------------------- ##

This file was extended by Cratered Terrain Evolution Model config.status 1.1, which was
generated by GNU Autoconf 2.69.  Invocation command line was

  CONFIG_FILES    = 
  CONFIG_HEADERS  = 
  CONFIG_LINKS    = 
  CONFIG_COMMANDS = 
  $ ./config.status src/Makefile

on ixuj.eaps.purdue.edu

config.status:752: creating src/Makefile
