This file contains any messages produced by compilers while
running configure, to aid debugging if configure makes a mistake.

It was created by Cratered Terrain Evolution Model configure 1.1, which was
generated by GNU Autoconf 2.69.  Invocation command line was

  $ ../configure --no-create --no-recursion

## --------- ##
## Platform. ##
## --------- ##

hostname = darnell
uname -m = x86_64
uname -r = 3.10.0-327.36.3.el7.x86_64
uname -s = Linux
uname -v = #1 SMP Mon Oct 24 16:09:20 UTC 2016

/usr/bin/uname -p = x86_64
/bin/uname -X     = unknown

/bin/arch              = x86_64
/usr/bin/arch -k       = unknown
/usr/convex/getsysinfo = unknown
/usr/bin/hostinfo      = unknown
/bin/machine           = unknown
/usr/bin/oslevel       = unknown
/bin/universe          = unknown

PATH: /usr/lib64/qt-3.3/bin
PATH: /usr/local/bin
PATH: /usr/bin
PATH: /bin
PATH: /usr/local/sbin
PATH: /usr/sbin
PATH: /home/jimrich/.local/bin
PATH: /home/jimrich/bin


## ----------- ##
## Core tests. ##
## ----------- ##

configure:1816: checking for a BSD-compatible install
configure:1884: result: /usr/bin/install -c
configure:1895: checking whether build environment is sane
configure:1950: result: yes
configure:1988: WARNING: 'missing' script is too old or missing
configure:2101: checking for a thread-safe mkdir -p
configure:2140: result: /usr/bin/mkdir -p
configure:2147: checking for gawk
configure:2163: found /usr/bin/gawk
configure:2174: result: gawk
configure:2185: checking whether make sets $(MAKE)
configure:2207: result: yes
configure:2236: checking whether make supports nested variables
configure:2253: result: yes
configure:2270: error: source directory already configured; run "make distclean" there first

## ---------------- ##
## Cache variables. ##
## ---------------- ##

ac_cv_env_FCFLAGS_set=
ac_cv_env_FCFLAGS_value=
ac_cv_env_FC_set=
ac_cv_env_FC_value=
ac_cv_env_LDFLAGS_set=
ac_cv_env_LDFLAGS_value=
ac_cv_env_LIBS_set=
ac_cv_env_LIBS_value=
ac_cv_env_build_alias_set=
ac_cv_env_build_alias_value=
ac_cv_env_host_alias_set=
ac_cv_env_host_alias_value=
ac_cv_env_target_alias_set=
ac_cv_env_target_alias_value=
ac_cv_path_install='/usr/bin/install -c'
ac_cv_path_mkdir=/usr/bin/mkdir
ac_cv_prog_AWK=gawk
ac_cv_prog_make_make_set=yes
am_cv_make_support_nested_variables=yes

## ----------------- ##
## Output variables. ##
## ----------------- ##

ACLOCAL=''
AMTAR=''
AM_BACKSLASH='\'
AM_DEFAULT_V='$(AM_DEFAULT_VERBOSITY)'
AM_DEFAULT_VERBOSITY='1'
AM_V='$(V)'
AUTOCONF=''
AUTOHEADER=''
AUTOMAKE=''
AWK='gawk'
CYGPATH_W=''
DEFS=''
ECHO_C=''
ECHO_N='-n'
ECHO_T=''
EXEEXT=''
FC=''
FCFLAGS=''
INSTALL_DATA='${INSTALL} -m 644'
INSTALL_PROGRAM='${INSTALL}'
INSTALL_SCRIPT='${INSTALL}'
INSTALL_STRIP_PROGRAM='$(install_sh) -c -s'
LDFLAGS=''
LIBOBJS=''
LIBS=''
LTLIBOBJS=''
MAKEINFO=''
MKDIR_P='/usr/bin/mkdir -p'
OBJEXT=''
PACKAGE=''
PACKAGE_BUGREPORT='David Minton <daminton@purdue.edu> , James Richardson <jerichardsonjr@me.com>'
PACKAGE_NAME='Cratered Terrain Evolution Model'
PACKAGE_STRING='Cratered Terrain Evolution Model 1.1'
PACKAGE_TARNAME='CTEM'
PACKAGE_URL=''
PACKAGE_VERSION='1.1'
PATH_SEPARATOR=':'
SET_MAKE=''
SHELL='/bin/sh'
STRIP=''
VERSION=''
ac_ct_FC=''
am__EXEEXT_FALSE=''
am__EXEEXT_TRUE=''
am__isrc=' -I$(srcdir)'
am__leading_dot='.'
am__tar=''
am__untar=''
bindir='${exec_prefix}/bin'
build_alias=''
datadir='${datarootdir}'
datarootdir='${prefix}/share'
docdir='${datarootdir}/doc/${PACKAGE_TARNAME}'
dvidir='${docdir}'
exec_prefix='NONE'
host_alias=''
htmldir='${docdir}'
includedir='${prefix}/include'
infodir='${datarootdir}/info'
install_sh='${SHELL} /export/project/b/CTEM/trunk/config/install-sh'
libdir='${exec_prefix}/lib'
libexecdir='${exec_prefix}/libexec'
localedir='${datarootdir}/locale'
localstatedir='${prefix}/var'
mandir='${datarootdir}/man'
mkdir_p=''
oldincludedir='/usr/include'
pdfdir='${docdir}'
prefix='NONE'
program_transform_name='s,x,x,'
psdir='${docdir}'
sbindir='${exec_prefix}/sbin'
sharedstatedir='${prefix}/com'
sysconfdir='${prefix}/etc'
target_alias=''

## ----------- ##
## confdefs.h. ##
## ----------- ##

/* confdefs.h */
#define PACKAGE_NAME "Cratered Terrain Evolution Model"
#define PACKAGE_TARNAME "CTEM"
#define PACKAGE_VERSION "1.1"
#define PACKAGE_STRING "Cratered Terrain Evolution Model 1.1"
#define PACKAGE_BUGREPORT "David Minton <daminton@purdue.edu> , James Richardson <jerichardsonjr@me.com>"
#define PACKAGE_URL ""

configure: exit 1
